ESP-ROM:esp32s3-20210327
Build:Mar 27 2021
rst:0x15 (USB_UART_CHIP_RESET),boot:0xb (SPI_FAST_FLASH_BOOT)
Saved PC:0x40378bba
SPIWP:0xee
mode:DIO, clock div:1
load:0x3fce2820,len:0x15a0
load:0x403c8700,len:0x4
load:0x403c8704,len:0xc80
load:0x403cb700,len:0x2f0c
entry 0x403c8914
I (26) boot: ESP-IDF v5.4.1 2nd stage bootloader
I (26) boot: compile time Jan  5 2026 18:33:59
I (27) boot: Multicore bootloader
I (27) boot: chip revision: v0.2
I (27) boot: efuse block revision: v1.3
I (27) boot.esp32s3: Boot SPI Speed : 80MHz
I (28) boot.esp32s3: SPI Mode       : DIO
I (28) boot.esp32s3: SPI Flash Size : 8MB
I (28) boot: Enabling RNG early entropy source...
I (28) boot: Partition Table:
I (28) boot: ## Label            Usage          Type ST Offset   Length
I (29) boot:  0 nvs              WiFi data        01 02 00009000 00006000
I (29) boot:  1 phy_init         RF data          01 01 0000f000 00001000
I (29) boot:  2 factory          factory app      00 00 00010000 00400000
I (30) boot:  3 storage          Unknown data     01 81 00410000 00100000
I (30) boot: End of partition table
I (30) esp_image: segment 0: paddr=00010020 vaddr=3c030020 size=0e76ch ( 59244) map
I (41) esp_image: segment 1: paddr=0001e794 vaddr=3fc94400 size=01884h (  6276) load
I (43) esp_image: segment 2: paddr=00020020 vaddr=42000020 size=2e934h (190772) map
I (77) esp_image: segment 3: paddr=0004e95c vaddr=3fc95c84 size=0120ch (  4620) load
I (79) esp_image: segment 4: paddr=0004fb70 vaddr=40374000 size=103d8h ( 66520) load
I (93) esp_image: segment 5: paddr=0005ff50 vaddr=600fe100 size=0001ch (    28) load
I (100) boot: Loaded app from partition at offset 0x10000
I (100) boot: Disabling RNG early entropy source...
I (101) cpu_start: Multicore app
I (110) cpu_start: Pro cpu start user code
I (110) cpu_start: cpu freq: 240000000 Hz
I (110) app_init: Application information:
I (110) app_init: Project name:     zigbee_orchestrator_0031
I (110) app_init: App version:      0cc43bb-dirty
I (111) app_init: Compile time:     Jan  5 2026 21:47:24
I (111) app_init: ELF file SHA256:  f217afb7f...
I (111) app_init: ESP-IDF:          v5.4.1
I (111) efuse_init: Min chip rev:     v0.0
I (111) efuse_init: Max chip rev:     v0.99 
I (111) efuse_init: Chip rev:         v0.2
I (112) heap_init: Initializing. RAM available for dynamic allocation:
I (112) heap_init: At 3FC97C18 len 00051AF8 (326 KiB): RAM
I (112) heap_init: At 3FCE9710 len 00005724 (21 KiB): RAM
I (112) heap_init: At 3FCF0000 len 00008000 (32 KiB): DRAM
I (112) heap_init: At 600FE11C len 00001ECC (7 KiB): RTCRAM
I (113) spi_flash: detected chip: gd
I (113) spi_flash: flash io: dio
I (114) sleep_gpio: Configure to isolate all GPIO pins in sleep state
I (114) sleep_gpio: Enable automatic switching of GPIO sleep configuration
I (115) main_task: Started on CPU0
I (125) main_task: Calling app_main()
I (125) gw_bus_0031: gw bus started (queue=64)
[5n
Type 'help' to get the list of commands.
Use UP/DOWN arrows to navigate through command history.
Press TAB when typing command name to auto-complete.

Your terminal application does not support escape sequences.

Line editing and history features are disabled.

On Windows, try using Putty instead.
gw>  I (625) gw_console_0031: esp_console started over USB Serial/JTAG (try: help)
I (2135) uart: queue free spaces: 20
I (2135) ESP_ZNSP_FRAME: TX id=20 sn=200 size=13 slip=15
I (2135) ESP_ZNSP_BUS: uart write 15 bytes
I (2135) ESP_ZNSP_FRAME: 10 00 14 00 c8 01 00 00 46 72
I (2135) ESP_ZNSP_FRAME: TX id=16 sn=169 size=13 slip=15
I (2135) ESP_ZNSP_BUS: uart write 15 bytes
I (2145) ESP_ZNSP_FRAME: 10 00 10 00 a9 01 00 00 b5 e7
I (2145) gw_zb_0031: channel mask applied: 0x02000000 (ESP_OK)
I (2145) gw_zb_0031: zb init/start (host+NCP)
I (2145) ESP_ZNSP_FRAME: TX id=0 sn=39 size=9 slip=11
I (2145) ESP_ZNSP_BUS: uart write 11 bytes
I (2145) ESP_ZNSP_FRAME: 10 00 00 00 27 01 00 00 29 26
I (2145) gw_zb_sig_0031: ZB signal: SKIP_STARTUP status=ESP_OK
I (2145) ESP_ZNSP_FRAME: TX id=4 sn=171 size=25 slip=27
I (2145) ESP_ZNSP_BUS: uart write 27 bytes
I (2185) ESP_ZNSP_FRAME: 10 00 04 00 ab 01 00 00 df 8c
I (2185) ESP_ZNSP_FRAME: TX id=1 sn=107 size=10 slip=12
I (2185) ESP_ZNSP_BUS: uart write 12 bytes
I (2215) ESP_ZNSP_FRAME: 10 00 01 00 6b 01 00 00 81 a3
I (2215) gw_zb_0031: zb notify loop start
I (2225) ESP_ZNSP_FRAME: 20 00 05 00 5e 01 00 00 00 7c
I (2225) gw_zb_sig_0031: ZB permit-join status: seconds=0
I (2235) ESP_ZNSP_FRAME: 20 00 04 00 30 0b 00 5b 45 ca fe ff b7 31 48 41
I (2235) ESP_ZNSP_FRAME: 46 0d eb 0d
I (2235) gw_zb_sig_0031: ZB signal: FORMATION status=ESP_OK
I (2825) ESP_ZNSP_FRAME: 20 00 05 00 92 01 00 b4 42 23
I (2825) gw_zb_sig_0031: ZB permit-join status: seconds=180

#> monitor on
monitor on
monitor: on
gw>  
gw>  
#> zb tclk set default
zb tclk set default
I (8105) ESP_ZNSP_FRAME: TX id=40 sn=242 size=25 slip=27
I (8105) ESP_ZNSP_BUS: uart write 27 bytes
I (8115) ESP_ZNSP_FRAME: 10 00 28 00 f2 01 00 00 3e 14
zb tclk set: status=0x00 (ESP_OK)
gw>  
gw>  
#> zb lke off
zb lke off
I (8155) ESP_ZNSP_FRAME: TX id=42 sn=42 size=10 slip=12
I (8155) ESP_ZNSP_BUS: uart write 12 bytes
I (8165) ESP_ZNSP_FRAME: 10 00 2a 00 2a 01 00 00 c8 01
zb lke off: status=0x00 (ESP_OK)
gw>  
gw>  
#> gw post permit_join 5
gw post permit_join 5
[gw] GW_CMD_PERMIT_JOIN (1) req_id=1 seconds=5
I (8205) gw_zb_0031: permit_join request seconds=5 req_id=1
posted GW_CMD_PERMIT_JOIN req_id=1
I (8205) ESP_ZNSP_FRAME: TX id=5 sn=175 size=10 slip=12
I (8215) ESP_ZNSP_BUS: uart write 12 bytes
gw>  
gw>  I (8215) ESP_ZNSP_FRAME: 10 00 05 00 af 01 00 00 18 fa
I (8215) gw_zb_0031: permit_join response status=0x00 (ESP_OK) req_id=1
[gw] GW_EVT_CMD_RESULT (100) req_id=1 status=0
I (8815) ESP_ZNSP_FRAME: 20 00 05 00 81 01 00 05 2c 61
I (8815) gw_zb_sig_0031: ZB permit-join status: seconds=5
[gw] GW_EVT_ZB_PERMIT_JOIN_STATUS (200) seconds=5
