ESP-ROM:esp32s3-20210327
Build:Mar 27 2021
rst:0x15 (USB_UART_CHIP_RESET),boot:0xb (SPI_FAST_FLASH_BOOT)
Saved PC:0x40378bba
SPIWP:0xee
mode:DIO, clock div:1
load:0x3fce2820,len:0x15a0
load:0x403c8700,len:0x4
load:0x403c8704,len:0xc80
load:0x403cb700,len:0x2f0c
entry 0x403c8914
I (26) boot: ESP-IDF v5.4.1 2nd stage bootloader
I (26) boot: compile time Jan  5 2026 18:33:59
I (27) boot: Multicore bootloader
I (27) boot: chip revision: v0.2
I (27) boot: efuse block revision: v1.3
I (27) boot.esp32s3: Boot SPI Speed : 80MHz
I (28) boot.esp32s3: SPI Mode       : DIO
I (28) boot.esp32s3: SPI Flash Size : 8MB
I (28) boot: Enabling RNG early entropy source...
I (28) boot: Partition Table:
I (28) boot: ## Label            Usage          Type ST Offset   Length
I (29) boot:  0 nvs              WiFi data        01 02 00009000 00006000
I (29) boot:  1 phy_init         RF data          01 01 0000f000 00001000
I (29) boot:  2 factory          factory app      00 00 00010000 00400000
I (30) boot:  3 storage          Unknown data     01 81 00410000 00100000
I (30) boot: End of partition table
I (30) esp_image: segment 0: paddr=00010020 vaddr=3c030020 size=0e76ch ( 59244) map
I (41) esp_image: segment 1: paddr=0001e794 vaddr=3fc94400 size=01884h (  6276) load
I (43) esp_image: segment 2: paddr=00020020 vaddr=42000020 size=2e934h (190772) map
I (77) esp_image: segment 3: paddr=0004e95c vaddr=3fc95c84 size=0120ch (  4620) load
I (78) esp_image: segment 4: paddr=0004fb70 vaddr=40374000 size=103d8h ( 66520) load
I (93) esp_image: segment 5: paddr=0005ff50 vaddr=600fe100 size=0001ch (    28) load
I (100) boot: Loaded app from partition at offset 0x10000
I (100) boot: Disabling RNG early entropy source...
I (101) cpu_start: Multicore app
I (110) cpu_start: Pro cpu start user code
I (110) cpu_start: cpu freq: 240000000 Hz
I (110) app_init: Application information:
I (110) app_init: Project name:     zigbee_orchestrator_0031
I (110) app_init: App version:      0cc43bb-dirty
I (110) app_init: Compile time:     Jan  5 2026 21:47:24
I (110) app_init: ELF file SHA256:  f217afb7f...
I (111) app_init: ESP-IDF:          v5.4.1
I (111) efuse_init: Min chip rev:     v0.0
I (111) efuse_init: Max chip rev:     v0.99 
I (111) efuse_init: Chip rev:         v0.2
I (111) heap_init: Initializing. RAM available for dynamic allocation:
I (112) heap_init: At 3FC97C18 len 00051AF8 (326 KiB): RAM
I (112) heap_init: At 3FCE9710 len 00005724 (21 KiB): RAM
I (112) heap_init: At 3FCF0000 len 00008000 (32 KiB): DRAM
I (112) heap_init: At 600FE11C len 00001ECC (7 KiB): RTCRAM
I (113) spi_flash: detected chip: gd
I (113) spi_flash: flash io: dio
I (113) sleep_gpio: Configure to isolate all GPIO pins in sleep state
I (114) sleep_gpio: Enable automatic switching of GPIO sleep configuration
I (114) main_task: Started on CPU0
I (124) main_task: Calling app_main()
I (124) gw_bus_0031: gw bus started (queue=64)
[5n
Type 'help' to get the list of commands.
Use UP/DOWN arrows to navigate through command history.
Press TAB when typing command name to auto-complete.

Your terminal application does not support escape sequences.

Line editing and history features are disabled.

On Windows, try using Putty instead.
gw>  I (624) gw_console_0031: esp_console started over USB Serial/JTAG (try: help)
I (2134) uart: queue free spaces: 20
I (2134) ESP_ZNSP_FRAME: TX id=20 sn=245 size=13 slip=15
I (2134) ESP_ZNSP_BUS: uart write 15 bytes
I (2134) ESP_ZNSP_FRAME: 10 00 14 00 f5 01 00 00 3b b5
I (2134) ESP_ZNSP_FRAME: TX id=16 sn=7 size=13 slip=15
I (2134) ESP_ZNSP_BUS: uart write 15 bytes
I (2144) ESP_ZNSP_FRAME: 10 00 10 00 07 01 00 00 ca eb
I (2144) gw_zb_0031: channel mask applied: 0x02000000 (ESP_OK)
I (2144) gw_zb_0031: zb init/start (host+NCP)
I (2144) ESP_ZNSP_FRAME: TX id=0 sn=180 size=9 slip=11
I (2144) ESP_ZNSP_BUS: uart write 11 bytes
I (2144) ESP_ZNSP_FRAME: 10 00 00 00 b4 01 00 00 2b ed
I (2144) gw_zb_sig_0031: ZB signal: SKIP_STARTUP status=ESP_OK
I (2144) ESP_ZNSP_FRAME: TX id=4 sn=182 size=25 slip=27
I (2154) ESP_ZNSP_BUS: uart write 27 bytes
I (2184) ESP_ZNSP_FRAME: 10 00 04 00 b6 01 00 00 f1 c4
I (2184) ESP_ZNSP_FRAME: TX id=1 sn=204 size=10 slip=12
I (2184) ESP_ZNSP_BUS: uart write 12 bytes
I (2214) ESP_ZNSP_FRAME: 10 00 01 00 cc 01 00 00 9d 56
I (2214) gw_zb_0031: zb notify loop start
I (2224) ESP_ZNSP_FRAME: 20 00 05 00 8a 01 00 00 94 f6
I (2224) gw_zb_sig_0031: ZB permit-join status: seconds=0
I (2234) ESP_ZNSP_FRAME: 20 00 04 00 15 0b 00 5b 45 ca fe ff b7 31 48 41
I (2234) ESP_ZNSP_FRAME: 46 0d 07 25
I (2234) gw_zb_sig_0031: ZB signal: FORMATION status=ESP_OK
I (2824) ESP_ZNSP_FRAME: 20 00 05 00 17 01 00 b4 7b 60
I (2824) gw_zb_sig_0031: ZB permit-join status: seconds=180

#> monitor on
monitor on
monitor: on
gw>  
gw>  
#> zb tclk set default
zb tclk set default
I (8114) ESP_ZNSP_FRAME: TX id=40 sn=79 size=25 slip=27
I (8114) ESP_ZNSP_BUS: uart write 27 bytes
I (8124) ESP_ZNSP_FRAME: 10 00 28 00 4f 01 00 00 2d fe
zb tclk set: status=0x00 (ESP_OK)
gw>  
gw>  
#> zb lke off
zb lke off
I (8164) ESP_ZNSP_FRAME: TX id=42 sn=238 size=10 slip=12
I (8164) ESP_ZNSP_BUS: uart write 12 bytes
I (8174) ESP_ZNSP_FRAME: 10 00 2a 00 ee 01 00 00 fd 48
zb lke off: status=0x00 (ESP_OK)
gw>  
gw>  
#> gw post permit_join 300
gw post permit_join 300
[gw] GW_CMD_PERMIT_JOIN (1) req_id=1 seconds=300
I (8214) gw_zb_0031: permit_join request seconds=255 req_id=1
posted GW_CMD_PERMIT_JOIN req_id=1
I (8214) ESP_ZNSP_FRAME: TX id=5 sn=168 size=10 slip=12
I (8224) ESP_ZNSP_BUS: uart write 12 bytes
gw>  
gw>  I (8224) ESP_ZNSP_FRAME: 10 00 05 00 a8 01 00 00 39 ad
I (8224) gw_zb_0031: permit_join response status=0x00 (ESP_OK) req_id=1
[gw] GW_EVT_CMD_RESULT (100) req_id=1 status=0
I (8824) ESP_ZNSP_FRAME: 20 00 05 00 de 01 00 fe 9f 4f
I (8824) gw_zb_sig_0031: ZB permit-join status: seconds=254
[gw] GW_EVT_ZB_PERMIT_JOIN_STATUS (200) seconds=254
I (262834) ESP_ZNSP_FRAME: 20 00 05 00 d9 01 00 00 4f 06
I (262834) gw_zb_sig_0031: ZB permit-join status: seconds=0
[gw] GW_EVT_ZB_PERMIT_JOIN_STATUS (200) seconds=0
load:0x403c8704,len:0xc80
load:0x403cb700,len:0x2f0c
entry 0x403c8914
I (26) boot: ESP-IDF v5.4.1 2nd stage bootloader
I (26) boot: compile time Jan  5 2026 18:33:59
I (27) boot: Multicore bootloader
I (27) boot: chip revision: v0.2
I (27) boot: efuse block revision: v1.3
I (27) boot.esp32s3: Boot SPI Speed : 80MHz
I (28) boot.esp32s3: SPI Mode       : DIO
I (28) boot.esp32s3: SPI Flash Size : 8MB
I (28) boot: Enabling RNG early entropy source...
I (28) boot: Partition Table:
I (28) boot: ## Label            Usage          Type ST Offset   Length
I (29) boot:  0 nvs              WiFi data        01 02 00009000 00006000
I (29) boot:  1 phy_init         RF data          01 01 0000f000 00001000
I (29) boot:  2 factory          factory app      00 00 00010000 00400000
I (30) boot:  3 storage          Unknown data     01 81 00410000 00100000
I (30) boot: End of partition table
I (30) esp_image: segment 0: paddr=00010020 vaddr=3c030020 size=0e76ch ( 59244) map
I (41) esp_image: segment 1: paddr=0001e794 vaddr=3fc94400 size=01884h (  6276) load
I (43) esp_image: segment 2: paddr=00020020 vaddr=42000020 size=2e934h (190772) map
I (77) esp_image: segment 3: paddr=0004e95c vaddr=3fc95c84 size=0120ch (  4620) load
I (78) esp_image: segment 4: paddr=0004fb70 vaddr=40374000 size=103d8h ( 66520) load
I (93) esp_image: segment 5: paddr=0005ff50 vaddr=600fe100 size=0001ch (    28) load
I (100) boot: Loaded app from partition at offset 0x10000
I (100) boot: Disabling RNG early entropy source...
I (101) cpu_start: Multicore app
I (110) cpu_start: Pro cpu start user code
I (110) cpu_start: cpu freq: 240000000 Hz
I (110) app_init: Application information:
I (110) app_init: Project name:     zigbee_orchestrator_0031
I (110) app_init: App version:      0cc43bb-dirty
I (110) app_init: Compile time:     Jan  5 2026 21:47:24
I (111) app_init: ELF file SHA256:  f217afb7f...
I (111) app_init: ESP-IDF:          v5.4.1
I (111) efuse_init: Min chip rev:     v0.0
I (111) efuse_init: Max chip rev:     v0.99 
I (111) efuse_init: Chip rev:         v0.2
I (111) heap_init: Initializing. RAM available for dynamic allocation:
I (112) heap_init: At 3FC97C18 len 00051AF8 (326 KiB): RAM
I (112) heap_init: At 3FCE9710 len 00005724 (21 KiB): RAM
I (112) heap_init: At 3FCF0000 len 00008000 (32 KiB): DRAM
I (112) heap_init: At 600FE11C len 00001ECC (7 KiB): RTCRAM
I (113) spi_flash: detected chip: gd
I (113) spi_flash: flash io: dio
I (113) sleep_gpio: Configure to isolate all GPIO pins in sleep state
I (114) sleep_gpio: Enable automatic switching of GPIO sleep configuration
I (114) main_task: Started on CPU0
I (124) main_task: Calling app_main()
I (124) gw_bus_0031: gw bus started (queue=64)
[5n
Type 'help' to get the list of commands.
Use UP/DOWN arrows to navigate through command history.
Press TAB when typing command name to auto-complete.

Your terminal application does not support escape sequences.

Line editing and history features are disabled.

On Windows, try using Putty instead.
gw>  I (624) gw_console_0031: esp_console started over USB Serial/JTAG (try: help)
I (2134) uart: queue free spaces: 20
I (2134) ESP_ZNSP_FRAME: TX id=20 sn=247 size=13 slip=15
I (2134) ESP_ZNSP_BUS: uart write 15 bytes
I (2134) ESP_ZNSP_FRAME: 10 00 14 00 f7 01 00 00 4d 8c
I (2134) ESP_ZNSP_FRAME: TX id=16 sn=81 size=13 slip=15
I (2134) ESP_ZNSP_BUS: uart write 15 bytes
I (2144) ESP_ZNSP_FRAME: 10 00 10 00 51 01 00 00 46 75
I (2144) gw_zb_0031: channel mask applied: 0x02000000 (ESP_OK)
I (2144) gw_zb_0031: zb init/start (host+NCP)
I (2144) ESP_ZNSP_FRAME: TX id=0 sn=182 size=9 slip=11
I (2144) ESP_ZNSP_BUS: uart write 11 bytes
I (2144) ESP_ZNSP_FRAME: 10 00 00 00 b6 01 00 00 5d d4
I (2144) gw_zb_sig_0031: ZB signal: SKIP_STARTUP status=ESP_OK
I (2144) ESP_ZNSP_FRAME: TX id=4 sn=196 size=25 slip=27
I (2144) ESP_ZNSP_BUS: uart write 27 bytes
I (2174) ESP_ZNSP_FRAME: 10 00 04 00 c4 01 00 00 c2 a7
I (2184) ESP_ZNSP_FRAME: TX id=1 sn=195 size=10 slip=12
I (2184) ESP_ZNSP_BUS: uart write 12 bytes
I (2304) ESP_ZNSP_FRAME: 10 00 01 00 c3 01 00 00 64 e4
I (2304) gw_zb_0031: zb notify loop start
I (2314) ESP_ZNSP_FRAME: 20 00 05 00 96 01 00 00 01 a2
I (2314) gw_zb_sig_0031: ZB permit-join status: seconds=0
I (2324) ESP_ZNSP_FRAME: 20 00 04 00 79 0b 00 5b 45 ca fe ff b7 31 48 41
I (2324) ESP_ZNSP_FRAME: 46 0d 0d df
I (2324) gw_zb_sig_0031: ZB signal: FORMATION status=ESP_OK
I (2914) ESP_ZNSP_FRAME: 20 00 05 00 d9 01 00 b4 e0 f5
I (2914) gw_zb_sig_0031: ZB permit-join status: seconds=180
I (6964) ESP_ZNSP_FRAME: 20 00 06 00 b2 0c 00 b6 ad 70 98 e6 ff bf 02 2c
I (6974) ESP_ZNSP_FRAME: 28 8e 00 40 a9
I (6974) gw_zb_sig_0031: ZB device announce: short=0xadb6 cap=0x8e
I (7414) ESP_ZNSP_FRAME: 20 00 05 00 f8 01 00 b4 08 66
I (7414) gw_zb_sig_0031: ZB permit-join status: seconds=180
